// Jest Snapshot v1, https://goo.gl/fbAQLP

exports[`test rendering AddExpensePage 1`] = `
<div>
  <h1>
     Add Expense 
  </h1>
  <ExpenseForm
    onSubmit={[Function]}
  />
</div>
`;
